

================================================================
== Vivado HLS Report for 'dense_layer'
================================================================
* Date:           Thu Apr 13 01:12:24 2023

* Version:        2019.1 (Build 2552052 on Fri May 24 15:28:33 MDT 2019)
* Project:        cnn
* Solution:       solution1
* Product family: zynq
* Target device:  xc7z020i-clg484-1L


================================================================
== Performance Estimates
================================================================
+ Timing (ns): 
    * Summary: 
    +--------+--------+----------+------------+
    |  Clock | Target | Estimated| Uncertainty|
    +--------+--------+----------+------------+
    |ap_clk  |  100.00|    86.234|        0.12|
    +--------+--------+----------+------------+

+ Latency (clock cycles): 
    * Summary: 
    +------+------+------+------+---------+
    |   Latency   |   Interval  | Pipeline|
    |  min |  max |  min |  max |   Type  |
    +------+------+------+------+---------+
    |  3323|  3323|  3323|  3323|   none  |
    +------+------+------+------+---------+

    + Detail: 
        * Instance: 
        N/A

        * Loop: 
        +----------------------+------+------+----------+-----------+-----------+------+----------+
        |                      |   Latency   | Iteration|  Initiation Interval  | Trip |          |
        |       Loop Name      |  min |  max |  Latency |  achieved |   target  | Count| Pipelined|
        +----------------------+------+------+----------+-----------+-----------+------+----------+
        |- memset_dense_array  |     9|     9|         1|          -|          -|    10|    no    |
        |- Loop 2              |  3230|  3230|       323|          -|          -|    10|    no    |
        | + Loop 2.1           |   320|   320|         2|          -|          -|   160|    no    |
        |- Loop 3              |    30|    30|         3|          -|          -|    10|    no    |
        |- Loop 4              |    50|    50|         5|          -|          -|    10|    no    |
        +----------------------+------+------+----------+-----------+-----------+------+----------+



================================================================
== Utilization Estimates
================================================================
* Summary: 
+-----------------+---------+-------+--------+-------+-----+
|       Name      | BRAM_18K| DSP48E|   FF   |  LUT  | URAM|
+-----------------+---------+-------+--------+-------+-----+
|DSP              |        -|      -|       -|      -|    -|
|Expression       |        -|      -|       0|    136|    -|
|FIFO             |        -|      -|       -|      -|    -|
|Instance         |        -|     12|     527|   2570|    -|
|Memory           |        4|      -|      96|     10|    0|
|Multiplexer      |        -|      -|       -|    203|    -|
|Register         |        -|      -|     166|      -|    -|
+-----------------+---------+-------+--------+-------+-----+
|Total            |        4|     12|     789|   2919|    0|
+-----------------+---------+-------+--------+-------+-----+
|Available        |      280|    220|  106400|  53200|    0|
+-----------------+---------+-------+--------+-------+-----+
|Utilization (%)  |        1|      5|   ~0   |      5|    0|
+-----------------+---------+-------+--------+-------+-----+

+ Detail: 
    * Instance: 
    +--------------------------+----------------------+---------+-------+-----+-----+-----+
    |         Instance         |        Module        | BRAM_18K| DSP48E|  FF | LUT | URAM|
    +--------------------------+----------------------+---------+-------+-----+-----+-----+
    |cnn_fadd_32ns_32ncud_U33  |cnn_fadd_32ns_32ncud  |        0|      2|  177|  385|    0|
    |cnn_fdiv_32ns_32nhbi_U35  |cnn_fdiv_32ns_32nhbi  |        0|      0|  128|  947|    0|
    |cnn_fexp_32ns_32nibs_U36  |cnn_fexp_32ns_32nibs  |        0|      7|   94|  918|    0|
    |cnn_fmul_32ns_32ng8j_U34  |cnn_fmul_32ns_32ng8j  |        0|      3|  128|  320|    0|
    +--------------------------+----------------------+---------+-------+-----+-----+-----+
    |Total                     |                      |        0|     12|  527| 2570|    0|
    +--------------------------+----------------------+---------+-------+-----+-----+-----+

    * DSP48E: 
    N/A

    * Memory: 
    +-----------------+----------------------+---------+----+----+-----+------+-----+------+-------------+
    |      Memory     |        Module        | BRAM_18K| FF | LUT| URAM| Words| Bits| Banks| W*Bits*Banks|
    +-----------------+----------------------+---------+----+----+-----+------+-----+------+-------------+
    |dense_weights_U  |dense_layer_densedEe  |        4|   0|   0|    0|  1600|   32|     1|        51200|
    |dense_biases_U   |dense_layer_denseeOg  |        0|  32|   5|    0|    10|   32|     1|          320|
    |dense_array_U    |dense_layer_densefYi  |        0|  64|   5|    0|    10|   32|     1|          320|
    +-----------------+----------------------+---------+----+----+-----+------+-----+------+-------------+
    |Total            |                      |        4|  96|  10|    0|  1620|   96|     3|        51840|
    +-----------------+----------------------+---------+----+----+-----+------+-----+------+-------------+

    * FIFO: 
    N/A

    * Expression: 
    +----------------------+----------+-------+---+----+------------+------------+
    |     Variable Name    | Operation| DSP48E| FF| LUT| Bitwidth P0| Bitwidth P1|
    +----------------------+----------+-------+---+----+------------+------------+
    |add_ln12_fu_250_p2    |     +    |      0|  0|  13|           4|           1|
    |add_ln20_1_fu_334_p2  |     +    |      0|  0|  11|          12|          12|
    |add_ln20_fu_328_p2    |     +    |      0|  0|  11|          12|          12|
    |d_fu_273_p2           |     +    |      0|  0|  13|           4|           1|
    |f_fu_293_p2           |     +    |      0|  0|  15|           8|           1|
    |i_fu_350_p2           |     +    |      0|  0|  13|           4|           1|
    |j_fu_367_p2           |     +    |      0|  0|  13|           4|           1|
    |icmp_ln12_fu_261_p2   |   icmp   |      0|  0|   9|           4|           4|
    |icmp_ln14_fu_267_p2   |   icmp   |      0|  0|   9|           4|           4|
    |icmp_ln15_fu_344_p2   |   icmp   |      0|  0|   9|           4|           4|
    |icmp_ln18_fu_287_p2   |   icmp   |      0|  0|  11|           8|           8|
    |icmp_ln20_fu_361_p2   |   icmp   |      0|  0|   9|           4|           4|
    +----------------------+----------+-------+---+----+------------+------------+
    |Total                 |          |      0|  0| 136|          72|          53|
    +----------------------+----------+-------+---+----+------------+------------+

    * Multiplexer: 
    +----------------------+----+-----------+-----+-----------+
    |         Name         | LUT| Input Size| Bits| Total Bits|
    +----------------------+----+-----------+-----+-----------+
    |ap_NS_fsm             |  62|         15|    1|         15|
    |d_0_reg_149           |   9|          2|    4|          8|
    |dense_array_address0  |  27|          5|    4|         20|
    |dense_array_d0        |  15|          3|   32|         96|
    |f_0_reg_172           |   9|          2|    8|         16|
    |grp_fu_217_p0         |  15|          3|   32|         96|
    |grp_fu_217_p1         |  21|          4|   32|        128|
    |i_0_i_reg_195         |   9|          2|    4|          8|
    |j_0_i_reg_206         |   9|          2|    4|          8|
    |phi_ln12_reg_138      |   9|          2|    4|          8|
    |sum_0_i_reg_183       |   9|          2|   32|         64|
    |w_sum_0_reg_160       |   9|          2|   32|         64|
    +----------------------+----+-----------+-----+-----------+
    |Total                 | 203|         44|  189|        531|
    +----------------------+----+-----------+-----+-----------+

    * Register: 
    +-------------------+----+----+-----+-----------+
    |        Name       | FF | LUT| Bits| Const Bits|
    +-------------------+----+----+-----+-----------+
    |ap_CS_fsm          |  14|   0|   14|          0|
    |d_0_reg_149        |   4|   0|    4|          0|
    |d_reg_389          |   4|   0|    4|          0|
    |f_0_reg_172        |   8|   0|    8|          0|
    |f_reg_408          |   8|   0|    8|          0|
    |i_0_i_reg_195      |   4|   0|    4|          0|
    |i_reg_436          |   4|   0|    4|          0|
    |j_0_i_reg_206      |   4|   0|    4|          0|
    |j_reg_454          |   4|   0|    4|          0|
    |phi_ln12_reg_138   |   4|   0|    4|          0|
    |sum_0_i_reg_183    |  32|   0|   32|          0|
    |tmp_2_i_reg_469    |  32|   0|   32|          0|
    |w_sum_0_reg_160    |  32|   0|   32|          0|
    |zext_ln18_reg_400  |   4|   0|   12|          8|
    |zext_ln20_reg_394  |   4|   0|   64|         60|
    |zext_ln22_reg_459  |   4|   0|   64|         60|
    +-------------------+----+----+-----+-----------+
    |Total              | 166|   0|  294|        128|
    +-------------------+----+----+-----+-----------+



================================================================
== Interface
================================================================
* Summary: 
+---------------------+-----+-----+------------+--------------+--------------+
|      RTL Ports      | Dir | Bits|  Protocol  | Source Object|    C Type    |
+---------------------+-----+-----+------------+--------------+--------------+
|ap_clk               |  in |    1| ap_ctrl_hs |  dense_layer | return value |
|ap_rst               |  in |    1| ap_ctrl_hs |  dense_layer | return value |
|ap_start             |  in |    1| ap_ctrl_hs |  dense_layer | return value |
|ap_done              | out |    1| ap_ctrl_hs |  dense_layer | return value |
|ap_idle              | out |    1| ap_ctrl_hs |  dense_layer | return value |
|ap_ready             | out |    1| ap_ctrl_hs |  dense_layer | return value |
|prediction_address0  | out |    4|  ap_memory |  prediction  |     array    |
|prediction_ce0       | out |    1|  ap_memory |  prediction  |     array    |
|prediction_we0       | out |    1|  ap_memory |  prediction  |     array    |
|prediction_d0        | out |   32|  ap_memory |  prediction  |     array    |
|flat_array_address0  | out |    8|  ap_memory |  flat_array  |     array    |
|flat_array_ce0       | out |    1|  ap_memory |  flat_array  |     array    |
|flat_array_q0        |  in |   32|  ap_memory |  flat_array  |     array    |
+---------------------+-----+-----+------------+--------------+--------------+

