

================================================================
== Vivado HLS Report for 'normalization'
================================================================
* Date:           Thu Apr 13 22:45:12 2023

* Version:        2019.1 (Build 2552052 on Fri May 24 15:28:33 MDT 2019)
* Project:        cnn
* Solution:       solution1
* Product family: zynq
* Target device:  xc7z020-clg484-3


================================================================
== Performance Estimates
================================================================
+ Timing (ns): 
    * Summary: 
    +--------+-------+----------+------------+
    |  Clock | Target| Estimated| Uncertainty|
    +--------+-------+----------+------------+
    |ap_clk  |  10.00|     8.468|        1.25|
    +--------+-------+----------+------------+

+ Latency (clock cycles): 
    * Summary: 
    +-------+-------+-------+-------+---------+
    |    Latency    |    Interval   | Pipeline|
    |  min  |  max  |  min  |  max  |   Type  |
    +-------+-------+-------+-------+---------+
    |  20441|  20441|  20441|  20441|   none  |
    +-------+-------+-------+-------+---------+

    + Detail: 
        * Instance: 
        N/A

        * Loop: 
        +-------------+-------+-------+----------+-----------+-----------+------+----------+
        |             |    Latency    | Iteration|  Initiation Interval  | Trip |          |
        |  Loop Name  |  min  |  max  |  Latency |  achieved |   target  | Count| Pipelined|
        +-------------+-------+-------+----------+-----------+-----------+------+----------+
        |- Loop 1     |  20440|  20440|       730|          -|          -|    28|    no    |
        | + Loop 1.1  |    728|    728|        26|          -|          -|    28|    no    |
        +-------------+-------+-------+----------+-----------+-----------+------+----------+



================================================================
== Utilization Estimates
================================================================
* Summary: 
+-----------------+---------+-------+--------+-------+-----+
|       Name      | BRAM_18K| DSP48E|   FF   |  LUT  | URAM|
+-----------------+---------+-------+--------+-------+-----+
|DSP              |        -|      -|       -|      -|    -|
|Expression       |        -|      -|       0|    598|    -|
|FIFO             |        -|      -|       -|      -|    -|
|Instance         |        -|      0|    2346|   3767|    -|
|Memory           |        -|      -|       -|      -|    -|
|Multiplexer      |        -|      -|       -|    169|    -|
|Register         |        -|      -|     273|      -|    -|
+-----------------+---------+-------+--------+-------+-----+
|Total            |        0|      0|    2619|   4534|    0|
+-----------------+---------+-------+--------+-------+-----+
|Available        |      280|    220|  106400|  53200|    0|
+-----------------+---------+-------+--------+-------+-----+
|Utilization (%)  |        0|      0|       2|      8|    0|
+-----------------+---------+-------+--------+-------+-----+

+ Detail: 
    * Instance: 
    +--------------------------+----------------------+---------+-------+------+------+-----+
    |         Instance         |        Module        | BRAM_18K| DSP48E|  FF  |  LUT | URAM|
    +--------------------------+----------------------+---------+-------+------+------+-----+
    |cnn_ddiv_64ns_64ncud_U12  |cnn_ddiv_64ns_64ncud  |        0|      0|  2246|  3625|    0|
    |cnn_fpext_32ns_64bkb_U11  |cnn_fpext_32ns_64bkb  |        0|      0|   100|   142|    0|
    +--------------------------+----------------------+---------+-------+------+------+-----+
    |Total                     |                      |        0|      0|  2346|  3767|    0|
    +--------------------------+----------------------+---------+-------+------+------+-----+

    * DSP48E: 
    N/A

    * Memory: 
    N/A

    * FIFO: 
    N/A

    * Expression: 
    +--------------------------+----------+-------+---+-----+------------+------------+
    |       Variable Name      | Operation| DSP48E| FF| LUT | Bitwidth P0| Bitwidth P1|
    +--------------------------+----------+-------+---+-----+------------+------------+
    |add_ln581_fu_209_p2       |     +    |      0|  0|   19|           5|          12|
    |c_fu_126_p2               |     +    |      0|  0|   15|           5|           1|
    |r_fu_114_p2               |     +    |      0|  0|   15|           5|           1|
    |F2_fu_197_p2              |     -    |      0|  0|   19|          11|          12|
    |man_V_3_fu_177_p2         |     -    |      0|  0|   61|           1|          54|
    |sub_ln581_fu_215_p2       |     -    |      0|  0|   19|           4|          12|
    |and_ln581_fu_291_p2       |    and   |      0|  0|    2|           1|           1|
    |and_ln582_fu_273_p2       |    and   |      0|  0|    2|           1|           1|
    |and_ln585_2_fu_309_p2     |    and   |      0|  0|    2|           1|           1|
    |and_ln585_fu_303_p2       |    and   |      0|  0|    2|           1|           1|
    |and_ln603_fu_327_p2       |    and   |      0|  0|    2|           1|           1|
    |ap_block_state3           |    and   |      0|  0|    2|           1|           1|
    |ashr_ln586_fu_366_p2      |   ashr   |      0|  0|  162|          54|          54|
    |icmp_ln18_fu_108_p2       |   icmp   |      0|  0|   11|           5|           4|
    |icmp_ln19_fu_120_p2       |   icmp   |      0|  0|   11|           5|           4|
    |icmp_ln571_fu_191_p2      |   icmp   |      0|  0|   29|          63|           1|
    |icmp_ln581_fu_203_p2      |   icmp   |      0|  0|   13|          12|           4|
    |icmp_ln582_fu_229_p2      |   icmp   |      0|  0|   13|          12|           4|
    |icmp_ln585_fu_239_p2      |   icmp   |      0|  0|   13|          12|           6|
    |icmp_ln603_fu_245_p2      |   icmp   |      0|  0|   13|          12|           4|
    |or_ln581_fu_315_p2        |    or    |      0|  0|    2|           1|           1|
    |or_ln582_fu_279_p2        |    or    |      0|  0|    2|           1|           1|
    |or_ln603_3_fu_347_p2      |    or    |      0|  0|    2|           1|           1|
    |or_ln603_4_fu_353_p2      |    or    |      0|  0|    2|           1|           1|
    |or_ln603_fu_333_p2        |    or    |      0|  0|    2|           1|           1|
    |img_out_V_V_din           |  select  |      0|  0|   14|           1|          14|
    |man_V_4_fu_183_p3         |  select  |      0|  0|   54|           1|          54|
    |select_ln588_fu_259_p3    |  select  |      0|  0|    2|           1|           2|
    |select_ln603_4_fu_339_p3  |  select  |      0|  0|   14|           1|          14|
    |select_ln603_5_fu_391_p3  |  select  |      0|  0|   14|           1|          14|
    |select_ln603_fu_384_p3    |  select  |      0|  0|   14|           1|          14|
    |sh_amt_fu_221_p3          |  select  |      0|  0|   12|           1|          12|
    |shl_ln604_fu_379_p2       |    shl   |      0|  0|   31|          14|          14|
    |xor_ln571_fu_267_p2       |    xor   |      0|  0|    2|           1|           2|
    |xor_ln581_fu_321_p2       |    xor   |      0|  0|    2|           1|           2|
    |xor_ln582_fu_285_p2       |    xor   |      0|  0|    2|           1|           2|
    |xor_ln585_fu_297_p2       |    xor   |      0|  0|    2|           1|           2|
    +--------------------------+----------+-------+---+-----+------------+------------+
    |Total                     |          |      0|  0|  598|         242|         330|
    +--------------------------+----------+-------+---+-----+------------+------------+

    * Multiplexer: 
    +-------------------+-----+-----------+-----+-----------+
    |        Name       | LUT | Input Size| Bits| Total Bits|
    +-------------------+-----+-----------+-----+-----------+
    |ap_NS_fsm          |  133|         29|    1|         29|
    |c_0_reg_88         |    9|          2|    5|         10|
    |img_in_V_blk_n     |    9|          2|    1|          2|
    |img_out_V_V_blk_n  |    9|          2|    1|          2|
    |r_0_reg_77         |    9|          2|    5|         10|
    +-------------------+-----+-----------+-----+-----------+
    |Total              |  169|         37|   13|         53|
    +-------------------+-----+-----------+-----+-----------+

    * Register: 
    +------------------------+----+----+-----+-----------+
    |          Name          | FF | LUT| Bits| Const Bits|
    +------------------------+----+----+-----+-----------+
    |and_ln603_reg_451       |   1|   0|    1|          0|
    |ap_CS_fsm               |  28|   0|   28|          0|
    |c_0_reg_88              |   5|   0|    5|          0|
    |c_reg_416               |   5|   0|    5|          0|
    |man_V_4_reg_436         |  54|   0|   54|          0|
    |or_ln603_4_reg_466      |   1|   0|    1|          0|
    |or_ln603_reg_456        |   1|   0|    1|          0|
    |r_0_reg_77              |   5|   0|    5|          0|
    |r_reg_408               |   5|   0|    5|          0|
    |select_ln603_4_reg_461  |  14|   0|   14|          0|
    |sh_amt_reg_441          |  12|   0|   12|          0|
    |tmp_5_reg_426           |  64|   0|   64|          0|
    |trunc_ln583_reg_446     |  14|   0|   14|          0|
    |v_assign_reg_431        |  64|   0|   64|          0|
    +------------------------+----+----+-----+-----------+
    |Total                   | 273|   0|  273|          0|
    +------------------------+----+----+-----+-----------+



================================================================
== Interface
================================================================
* Summary: 
+--------------------+-----+-----+------------+---------------+--------------+
|      RTL Ports     | Dir | Bits|  Protocol  | Source Object |    C Type    |
+--------------------+-----+-----+------------+---------------+--------------+
|ap_clk              |  in |    1| ap_ctrl_hs | normalization | return value |
|ap_rst              |  in |    1| ap_ctrl_hs | normalization | return value |
|ap_start            |  in |    1| ap_ctrl_hs | normalization | return value |
|ap_done             | out |    1| ap_ctrl_hs | normalization | return value |
|ap_idle             | out |    1| ap_ctrl_hs | normalization | return value |
|ap_ready            | out |    1| ap_ctrl_hs | normalization | return value |
|img_in_V_dout       |  in |   32|   ap_fifo  |    img_in_V   |    pointer   |
|img_in_V_empty_n    |  in |    1|   ap_fifo  |    img_in_V   |    pointer   |
|img_in_V_read       | out |    1|   ap_fifo  |    img_in_V   |    pointer   |
|img_out_V_V_din     | out |   14|   ap_fifo  |  img_out_V_V  |    pointer   |
|img_out_V_V_full_n  |  in |    1|   ap_fifo  |  img_out_V_V  |    pointer   |
|img_out_V_V_write   | out |    1|   ap_fifo  |  img_out_V_V  |    pointer   |
+--------------------+-----+-----+------------+---------------+--------------+

